main.c:88:5:main	24	static
main.c:262:6:SystemClock_Config	232	static
main.c:340:13:MX_ADC1_Init	48	static
main.c:404:13:MX_DFSDM1_Init	8	static
main.c:442:13:MX_I2C2_Init	8	static
main.c:488:13:MX_QUADSPI_Init	8	static
main.c:521:13:MX_SPI3_Init	8	static
main.c:561:13:MX_USART1_UART_Init	8	static
main.c:596:13:MX_USART3_UART_Init	8	static
main.c:631:13:MX_USB_OTG_FS_PCD_Init	8	static
main.c:666:13:MX_GPIO_Init	48	static
main.c:825:6:power_on	16	static
main.c:831:6:power_off	16	static
main.c:849:6:Error_Handler	4	static,ignoring_inline_asm
