main.c:89:5:main	112	static
main.c:385:6:SystemClock_Config	232	static
main.c:463:13:MX_ADC1_Init	48	static
main.c:527:13:MX_DFSDM1_Init	8	static
main.c:565:13:MX_I2C2_Init	8	static
main.c:611:13:MX_QUADSPI_Init	8	static
main.c:644:13:MX_SPI3_Init	8	static
main.c:684:13:MX_USART1_UART_Init	8	static
main.c:719:13:MX_USART3_UART_Init	8	static
main.c:754:13:MX_USB_OTG_FS_PCD_Init	8	static
main.c:789:13:MX_GPIO_Init	48	static
main.c:950:6:power_off	16	static
main.c:968:6:Error_Handler	4	static,ignoring_inline_asm
